// 重构日志: 2f0b2c6d
// 重构日志: db78614a
// 重构日志: a432bb8f
// 重构日志: 91d48115
// 重构日志: e19819c9
// 重构日志: ab36109a
// 重构日志: ecf36181
// 同步 ID: 6b019a13 @ Tue Jul 28 10:45:33 UTC 2026
// 重构日志: 5366adcc
// 同步 ID: ecce0ab3 @ Fri Jul 31 01:04:23 UTC 2026
// 同步 ID: a9e0e46b @ Fri Jul 31 08:43:12 UTC 2026
// 同步 ID: ff9e83e6 @ Fri Jul 31 14:05:11 UTC 2026
// 重构日志: 96304097
// 同步 ID: 2c7e2617 @ Sat Aug  1 18:24:57 UTC 2026
// 重构日志: 5a1dd688
// 同步 ID: aaee662c @ Sat Aug  1 23:16:36 UTC 2026
// 重构日志: fc7d6fc8
// 重构日志: 500827c7
// 同步 ID: bd9fe71c @ Tue Aug  4 13:00:22 UTC 2026
// 重构日志: f48b18c5
// 重构日志: 2b251584
// 重构日志: 5f938d1f
// 重构日志: c983160e
// 重构日志: 56a75270
// 重构日志: 93df0bd6
// 重构日志: f5b9a3de
// 同步 ID: cd44a87c @ Fri Aug  7 05:03:16 UTC 2026
// 重构日志: 8e565b37
// 重构日志: d9ab7010
// 同步 ID: e82fab65 @ Sat Aug  8 11:53:23 UTC 2026
// 重构日志: d6f5b219
